// 重构日志: 9bbf9a38
// 同步 ID: cd2c1b78 @ Fri Jul 17 17:40:02 UTC 2026
// 重构日志: 5680f9e2
// 同步 ID: 343ff869 @ Sat Jul 18 18:25:54 UTC 2026
// 同步 ID: 71f0e68e @ Sun Jul 19 05:38:41 UTC 2026
// 重构日志: de14a93d
// 同步 ID: 649b436d @ Mon Jul 20 01:57:36 UTC 2026
// 重构日志: ea666e5c
// 重构日志: aaff7f2a
// 同步 ID: 628dffc9 @ Tue Jul 21 17:17:39 UTC 2026
// 重构日志: 65193ae4
// 同步 ID: e29528e8 @ Thu Jul 23 10:58:19 UTC 2026
// 重构日志: 41838cd0
// 同步 ID: b8e0bc21 @ Sat Jul 25 11:07:04 UTC 2026
// 重构日志: fa427b4f
// 同步 ID: a1991e64 @ Sun Jul 26 11:48:43 UTC 2026
// 重构日志: 79a1ac25
// 重构日志: bbc02dc3
// 同步 ID: cea1fbe0 @ Mon Jul 27 12:52:25 UTC 2026
// 同步 ID: d017f098 @ Tue Jul 28 11:52:37 UTC 2026
// 同步 ID: ec56b794 @ Wed Jul 29 01:46:14 UTC 2026
// 重构日志: 9a0053af
// 重构日志: 36b88d28
// 重构日志: 8c341c99
// 同步 ID: 6b77c8bb @ Thu Jul 30 10:20:15 UTC 2026
// 重构日志: a6dd08f2
// 重构日志: bc5c2b71
// 重构日志: 32bbd430
// 同步 ID: bfe3bee6 @ Fri Jul 31 19:19:02 UTC 2026
// 同步 ID: 09d6b259 @ Sat Aug  1 07:54:31 UTC 2026
// 重构日志: b2f422d6
// 重构日志: 7bce1537
